// Jest Snapshot v1, https://goo.gl/fbAQLP

exports[`renders properly 1`] = `
<div
  className="root"
>
  <h2
    className="heading"
  />
  <div
    className="content"
  >
    <div>
      <Watext
        onItemClick={[MockFunction]}
        watext={
          <text>
            description here
          </text>
        }
      />
    </div>
    <div
      className="verbs"
    >
      <VerbBar
        onVerbClick={[MockFunction]}
        verbs={Array []}
      />
    </div>
  </div>
</div>
`;
