// Jest Snapshot v1, https://goo.gl/fbAQLP

exports[`renders 1`] = `
<div
  styleName="root"
>
  <div
    styleName="inventory-tree"
  >
    <InventoryTree />
  </div>
  <div
    styleName="story-content"
  >
    <StoryContent
      onItemClick={[Function]}
      storyState={Object {}}
    />
  </div>
</div>
`;
