// Jest Snapshot v1, https://goo.gl/fbAQLP

exports[`renders properly 1`] = `
<div
  styleName="root"
>
  <div
    styleName="content"
  >
    <div
      styleName="description"
    >
      <Watext
        emptyText="nothing here"
        onItemClick={[MockFunction]}
        onVerbClick={[MockFunction]}
        verbs={Array []}
        watext={
          <text>
            description here
          </text>
        }
      />
    </div>
    <div
      styleName="verb-bar"
    >
      <VerbBar
        verbs={Array []}
      />
    </div>
  </div>
</div>
`;
