// Jest Snapshot v1, https://goo.gl/fbAQLP

exports[`setItemState accepts a Map 1`] = `
Object {
  "payload": Object {
    "itemId": "42",
    "newItemState": Immutable.Map {
      foo: "bar",
},
  },
  "type": "SET_ITEM_STATE",
}
`;
